// Jest Snapshot v1, https://goo.gl/fbAQLP

exports[`matches Snapshot 1`] = `
<div
  className="gist"
>
  <table>
    <thead>
      <tr
        className="gist__row__header"
      >
        <th
          className="gist__cell"
        >
          <div
            className="gist__heading"
          >
            <div
              className="gist__heading-text"
            >
              <small>
                Created At
              </small>
            </div>
            <small
              title="created at"
            >
              N/A
            </small>
          </div>
        </th>
        <th
          className="gist__cell"
        >
          <div
            className="gist__heading"
          >
            <div
              className="gist__heading-text"
            >
              <small>
                Avatar
              </small>
            </div>
          </div>
        </th>
        <th
          className="gist__cell"
        >
          <div
            className="gist__heading"
          >
            <div
              className="gist__heading-text"
            >
              <small>
                Files
              </small>
            </div>
          </div>
        </th>
        <th
          className="gist__cell"
        >
          <div
            className="gist__heading"
          >
            <div
              className="gist__heading-text"
            >
              <small>
                Links
              </small>
            </div>
          </div>
        </th>
      </tr>
    </thead>
    <tbody>
      <tr
        className="gist__row__body"
      >
        <td>
          <div
            className="gist__body"
          />
        </td>
        <td>
          <div
            className="gist__body"
          >
            <img
              alt="user avatar"
              className="gist__avatar"
              title="avatar"
            />
          </div>
        </td>
        <td>
          <div
            className="gist__body"
          >
            <ul
              className="gist__body__list"
            />
          </div>
        </td>
        <td>
          <div
            className="gist__body"
          >
            <ul
              className="gist__body__list"
            >
              <li>
                <a
                  target="_blank"
                >
                  Gist Url
                </a>
              </li>
              <li>
                <a
                  target="_blank"
                >
                  Forks Url
                </a>
              </li>
              <li>
                <a
                  target="_blank"
                >
                  Commits URL
                </a>
              </li>
              <li>
                <a
                  target="_blank"
                >
                  Html URL
                </a>
              </li>
              <li>
                <a
                  target="_blank"
                >
                  Repos URL
                </a>
              </li>
              <li>
                <a
                  target="_blank"
                >
                  Owner URL
                </a>
              </li>
            </ul>
          </div>
        </td>
      </tr>
    </tbody>
    <tfoot>
      <tr
        className="gist__row__footer"
      >
        <td
          className="gist__footer"
        >
          <div
            className="gist__footer-text"
          >
            <small>
              Last update
            </small>
            <span
              title="last updated at"
            >
              <small>
                N/A
              </small>
            </span>
          </div>
        </td>
        <td>
          <div
            className="gist__footer-text"
          >
            <small>
              Owner login
            </small>
            <span
              title="owner login"
            >
              <small>
                n/a
              </small>
            </span>
          </div>
        </td>
        <td>
          <div />
        </td>
        <td>
          <div />
        </td>
      </tr>
    </tfoot>
  </table>
</div>
`;
